cargo :     Checking vibe-studio v0.1.0 
(C:\Users\kuron\.gemini\antigravity\WorkSpace\Vibe-Studio)
At line:1 char:1
+ cargo check --color never > build_output.txt 2>&1
+ ~~~~~~~~~~~~~~~~~~~~~~~~~~~~~~~~~~~~~~~~~~~~~~~~~
    + CategoryInfo          : NotSpecified: (    Checking vi...ce\Vibe-Studio):Str    
ing) [], RemoteException
    + FullyQualifiedErrorId : NativeCommandError
 
error: expected identifier
  --> src\sidebar.rs:69:24
   |
69 | ...   rsx! { svg { width: "14", height: "14", view_box: "0 0 24 24", fill: 
"none", stroke: "currentColor", stroke_width: "2", stroke_line...
   |          ^

error: expected identifier
   --> src\sidebar.rs:337:52
    |
337 | ...   rsx!{ svg { width: "12", height: "12", view_box: "0 0 24 24", fill: 
"none", stroke: "currentColor", stroke_width: "2", stroke_linec...
    |          ^

error: expected identifier
   --> src\timeline.rs:347:28
    |
347 |                         rsx! {
    |                            ^

error: could not compile `vibe-studio` (bin "vibe-studio") due to 3 previous errors
